2025-04-02 18:50:55,961 - INFO - Running fullstack app with the following config:
2025-04-02 18:50:55,962 - INFO -   Build backend: True
2025-04-02 18:50:55,962 - INFO -   Build frontend: True
2025-04-02 18:50:55,962 - INFO -   Backend build type: Debug
2025-04-02 18:50:55,963 - INFO -   Production mode: True
2025-04-02 18:50:55,963 - INFO -   Clean build: False
2025-04-02 18:50:55,963 - INFO -   Backend port: 8000
2025-04-02 18:50:55,963 - INFO -   Frontend port: 3000
2025-04-02 18:50:55,964 - INFO -   Open browser: True
2025-04-02 18:50:55,964 - INFO - Checking dependencies...
2025-04-02 18:50:55,964 - INFO - Checking dependencies...
2025-04-02 18:50:55,992 - INFO - Valid compiler found!
2025-04-02 18:50:55,992 - INFO - All dependencies are installed.
2025-04-02 18:50:56,002 - INFO - All dependencies are installed.
2025-04-02 18:50:56,002 - INFO - Building backend...
2025-04-02 18:50:56,005 - INFO - Building backend with the following config:
2025-04-02 18:50:56,006 - INFO -   Build type: Debug
2025-04-02 18:50:56,006 - INFO -   Clean build: False
2025-04-02 18:50:56,007 - INFO -   Build tests: True
2025-04-02 18:50:56,007 - INFO -   Jobs: 7
2025-04-02 18:50:56,008 - INFO -   Install: False
2025-04-02 18:50:56,008 - INFO - Checking dependencies...
2025-04-02 18:50:56,040 - INFO - Valid compiler found!
2025-04-02 18:50:56,042 - INFO - All dependencies are installed.
2025-04-02 18:50:56,043 - INFO - Configuring backend using cmake
2025-04-02 18:50:56,356 - INFO - Building project...
2025-04-02 18:50:59,831 - INFO - Running tests...
2025-04-02 18:50:59,875 - INFO - Backend built successfully in 3.87 seconds
2025-04-02 18:50:59,875 - INFO - Building frontend...
2025-04-02 18:50:59,875 - INFO - Installing frontend dependencies...
2025-04-02 18:51:02,251 - INFO - Building production
2025-04-02 18:51:11,022 - INFO - Copying frontend assets for backend static serving...
2025-04-02 18:51:11,030 - INFO - Frontend assets copied to C:\Users\olive\Documents\projects\pum\cpy\vera\server\static
2025-04-02 18:51:11,031 - INFO - Starting backend server on port 8000...
2025-04-02 18:51:11,158 - INFO - Backend server started on http://localhost:8000
2025-04-02 18:51:11,158 - INFO - Running in production mode - frontend will be served by backend
2025-04-02 18:51:11,159 - INFO - Opening application in web browser...
2025-04-02 18:51:11,159 - INFO - Waiting for servers to be ready...
2025-04-02 18:51:12,221 - INFO - Backend server ready at http://localhost:8000
2025-04-02 18:51:12,559 - INFO - Application started in 16.60 seconds
2025-04-02 18:51:12,559 - INFO - Application running. Press Ctrl+C to stop.
2025-04-02 18:51:22,451 - INFO - Shutting down application...
2025-04-02 18:51:22,451 - INFO - Stopping backend server...
2025-04-02 18:51:22,452 - INFO - Application shutdown complete
2025-04-02 18:51:22,566 - ERROR - Backend server stopped unexpectedly with code 3221225786
2025-04-02 18:51:22,567 - INFO - Shutting down application...
2025-04-02 18:51:22,568 - INFO - Stopping backend server...
2025-04-02 18:51:22,569 - INFO - Application shutdown complete
