2025-04-02 21:56:25,390 - INFO - Running fullstack app with the following config:
2025-04-02 21:56:25,391 - INFO -   Build backend: True
2025-04-02 21:56:25,393 - INFO -   Build frontend: True
2025-04-02 21:56:25,393 - INFO -   Backend build type: Debug
2025-04-02 21:56:25,394 - INFO -   Production mode: False
2025-04-02 21:56:25,394 - INFO -   Clean build: False
2025-04-02 21:56:25,394 - INFO -   Backend port: 8000
2025-04-02 21:56:25,395 - INFO -   Frontend port: 3000
2025-04-02 21:56:25,395 - INFO -   Open browser: True
2025-04-02 21:56:25,396 - INFO - Checking dependencies...
2025-04-02 21:56:25,396 - INFO - Checking dependencies...
2025-04-02 21:56:25,455 - INFO - Valid compiler found!
2025-04-02 21:56:25,456 - INFO - All dependencies are installed.
2025-04-02 21:56:25,478 - INFO - All dependencies are installed.
2025-04-02 21:56:25,478 - INFO - Building backend...
2025-04-02 21:56:25,484 - INFO - Building backend with the following config:
2025-04-02 21:56:25,484 - INFO -   Build type: Debug
2025-04-02 21:56:25,485 - INFO -   Clean build: False
2025-04-02 21:56:25,485 - INFO -   Build tests: True
2025-04-02 21:56:25,485 - INFO -   Jobs: 7
2025-04-02 21:56:25,486 - INFO -   Install: False
2025-04-02 21:56:25,486 - INFO - Checking dependencies...
2025-04-02 21:56:25,538 - INFO - Valid compiler found!
2025-04-02 21:56:25,538 - INFO - All dependencies are installed.
2025-04-02 21:56:25,539 - INFO - Configuring backend using cmake
2025-04-02 21:56:25,947 - INFO - Building project...
2025-04-02 21:56:27,549 - INFO - Running tests...
2025-04-02 21:56:27,611 - INFO - Backend built successfully in 2.13 seconds
2025-04-02 21:56:27,611 - INFO - Building frontend...
2025-04-02 21:56:27,611 - INFO - Installing frontend dependencies...
2025-04-02 21:56:30,841 - INFO - Starting backend server on port 8000...
2025-04-02 21:56:30,981 - INFO - Backend server started on http://localhost:8000
2025-04-02 21:56:30,982 - INFO - Starting frontend development server on port 3000...
2025-04-02 21:56:31,003 - INFO - Frontend development server started on http://localhost:3000
2025-04-02 21:56:31,004 - INFO - Opening application in web browser...
2025-04-02 21:56:31,005 - INFO - Waiting for servers to be ready...
2025-04-02 21:56:32,087 - INFO - Backend server ready at http://localhost:8000
2025-04-02 21:56:34,683 - INFO - Frontend server ready at http://localhost:3000
2025-04-02 21:56:35,035 - INFO - Application started in 9.65 seconds
2025-04-02 21:56:35,035 - INFO - Application running. Press Ctrl+C to stop.
2025-04-02 21:57:16,448 - INFO - Shutting down application...
2025-04-02 21:57:16,450 - INFO - Stopping frontend development server...
2025-04-02 21:57:16,455 - INFO - Stopping backend server...
2025-04-02 21:57:16,456 - INFO - Application shutdown complete
2025-04-02 21:57:17,061 - ERROR - Backend server stopped unexpectedly with code 3221225786
2025-04-02 21:57:17,062 - INFO - Shutting down application...
2025-04-02 21:57:17,062 - INFO - Stopping frontend development server...
2025-04-02 21:57:17,063 - INFO - Stopping backend server...
2025-04-02 21:57:17,064 - INFO - Application shutdown complete
